C51 COMPILER V9.01   UART                                                                  07/12/2018 20:44:50 PAGE 1   


C51 COMPILER V9.01, COMPILATION OF MODULE UART
OBJECT MODULE PLACED IN UART.OBJ
COMPILER INVOKED BY: C:\Keil\C51\BIN\C51.EXE UART.c BROWSE DEBUG OBJECTEXTEND

line level    source

   1          /*
   2           * UART_C_file.c
   3           */
   4          #include"UART.h"
   5          void UART_Init() // khoi tao UART   
   6          {                                                                                         
   7   1              TMOD |= 0x20;//chon su dung timer1      che do 8 bit tu nap lai
   8   1              TH1 = 0xFD;     //khoi tao gia tri ban dau cho thanh ghi TH1 toc do baund 9600
   9   1              SCON = 0x50;//chon che do lam viec cua UART      
  10   1              TR1 = 1; //khoi chay timer 1
  11   1      }
  12          void UART_TxChar(char Data)// truyen du lieu tu VDK di
  13          {
  14   1              SBUF = Data;     //gan du lieu vao thanh ghi SBUF
  15   1              while (TI==0);   //cho qua trinh truyen du lieu hoan tat
  16   1              TI = 0;//xoa bit TI de tiep tuc qua trinh truyen tiep theo
  17   1      }
  18          unsigned char UART_RxChar()     // nhan du lieu ve VDK
  19          {
  20   1              unsigned char dat;  //
  21   1              while (RI==0); //doi qua trinh nhan du lieu ket thuc
  22   1              RI = 0;            //xoa bit RI de cho qua trinh nhan tiep theo
  23   1              dat = SBUF;     // gan cai gia tri nhan dc dang dc luu trong thanh ghi SBUF vao bien dat
  24   1              return(dat);// tra ve bien dat
  25   1      }
  26          void UART_SendString(char *str)  //VDK truyen 1 gui 1 chuoi ky tu di
  27          {  
  28   1           int i;
  29   1           for(i=0;str[i]!=0;i++)     //chay het chieu dai chuoi ky tu
  30   1                      {
  31   2               UART_TxChar(str[i]);
  32   2          }
  33   1      }


MODULE INFORMATION:   STATIC OVERLAYABLE
   CODE SIZE        =     64    ----
   CONSTANT SIZE    =   ----    ----
   XDATA SIZE       =   ----    ----
   PDATA SIZE       =   ----    ----
   DATA SIZE        =   ----       3
   IDATA SIZE       =   ----    ----
   BIT SIZE         =   ----    ----
END OF MODULE INFORMATION.


C51 COMPILATION COMPLETE.  0 WARNING(S),  0 ERROR(S)
